Info: Start Nativelink Simulation process

========= EDA Simulation Settings =====================

Sim Mode              :  Gate
Family                :  arria10
Quartus root          :  /home/mladmon/workspace/altera/16.0/quartus/linux64/
Quartus sim root      :  /home/mladmon/workspace/altera/16.0/quartus/eda/sim_lib
Simulation Tool       :  modelsim-altera
Simulation Language   :  verilog
Simulation Mode       :  GUI
Sim Output File       :  varint_encoder.vo
Sim SDF file          :  varint_encoder__verilog.sdo
Sim dir               :  simulation/modelsim

=======================================================

Info: Starting NativeLink simulation with ModelSim-Altera software
Sourced NativeLink script /home/mladmon/workspace/altera/16.0/quartus/common/tcl/internal/nativelink/modelsim.tcl
Warning: File varint_encoder_run_msim_gate_verilog.do already exists - backing up current file as varint_encoder_run_msim_gate_verilog.do.bak1
Info: Spawning ModelSim-Altera Simulation software 
