------------------------------------------------------------
TimeQuest Timing Analyzer Summary
------------------------------------------------------------

Type  : Slow 900mV 100C Model Setup 'MAIN_CLOCK'
Slack : 2.465
TNS   : 0.000

Type  : Slow 900mV 100C Model Setup 'altera_reserved_tck'
Slack : 6.889
TNS   : 0.000

Type  : Slow 900mV 100C Model Hold 'MAIN_CLOCK'
Slack : 0.045
TNS   : 0.000

Type  : Slow 900mV 100C Model Hold 'altera_reserved_tck'
Slack : 0.046
TNS   : 0.000

Type  : Slow 900mV 100C Model Recovery 'MAIN_CLOCK'
Slack : 4.975
TNS   : 0.000

Type  : Slow 900mV 100C Model Recovery 'altera_reserved_tck'
Slack : 38.878
TNS   : 0.000

Type  : Slow 900mV 100C Model Removal 'MAIN_CLOCK'
Slack : 0.391
TNS   : 0.000

Type  : Slow 900mV 100C Model Removal 'altera_reserved_tck'
Slack : 0.620
TNS   : 0.000

Type  : Slow 900mV 100C Model Minimum Pulse Width 'hps_memory_mem_dqs[0]_IN'
Slack : 0.181
TNS   : 0.000

Type  : Slow 900mV 100C Model Minimum Pulse Width 'hps_memory_mem_dqs[1]_IN'
Slack : 0.181
TNS   : 0.000

Type  : Slow 900mV 100C Model Minimum Pulse Width 'hps_memory_mem_dqs[2]_IN'
Slack : 0.182
TNS   : 0.000

Type  : Slow 900mV 100C Model Minimum Pulse Width 'hps_memory_mem_dqs[3]_IN'
Slack : 0.182
TNS   : 0.000

Type  : Slow 900mV 100C Model Minimum Pulse Width 'soc_inst|emif_a10_hps_0_wf_clk_0'
Slack : 0.456
TNS   : 0.000

Type  : Slow 900mV 100C Model Minimum Pulse Width 'soc_inst|emif_a10_hps_0_wf_clk_2'
Slack : 0.461
TNS   : 0.000

Type  : Slow 900mV 100C Model Minimum Pulse Width 'soc_inst|emif_a10_hps_0_wf_clk_1'
Slack : 0.462
TNS   : 0.000

Type  : Slow 900mV 100C Model Minimum Pulse Width 'soc_inst|emif_a10_hps_0_wf_clk_5'
Slack : 0.463
TNS   : 0.000

Type  : Slow 900mV 100C Model Minimum Pulse Width 'soc_inst|emif_a10_hps_0_vco_clk_0'
Slack : 0.464
TNS   : 0.000

Type  : Slow 900mV 100C Model Minimum Pulse Width 'soc_inst|emif_a10_hps_0_vco_clk_1'
Slack : 0.464
TNS   : 0.000

Type  : Slow 900mV 100C Model Minimum Pulse Width 'soc_inst|emif_a10_hps_0_wf_clk_3'
Slack : 0.464
TNS   : 0.000

Type  : Slow 900mV 100C Model Minimum Pulse Width 'soc_inst|emif_a10_hps_0_wf_clk_4'
Slack : 0.464
TNS   : 0.000

Type  : Slow 900mV 100C Model Minimum Pulse Width 'soc_inst|emif_a10_hps_0_wf_clk_6'
Slack : 0.464
TNS   : 0.000

Type  : Slow 900mV 100C Model Minimum Pulse Width 'soc_inst|emif_a10_hps_0_phy_clk_0'
Slack : 0.795
TNS   : 0.000

Type  : Slow 900mV 100C Model Minimum Pulse Width 'soc_inst|emif_a10_hps_0_phy_clk_1'
Slack : 0.795
TNS   : 0.000

Type  : Slow 900mV 100C Model Minimum Pulse Width 'soc_inst|emif_a10_hps_0_phy_clk_l_0'
Slack : 0.798
TNS   : 0.000

Type  : Slow 900mV 100C Model Minimum Pulse Width 'soc_inst|emif_a10_hps_0_phy_clk_l_1'
Slack : 0.798
TNS   : 0.000

Type  : Slow 900mV 100C Model Minimum Pulse Width 'soc_inst|emif_a10_hps_0_ref_clock'
Slack : 3.677
TNS   : 0.000

Type  : Slow 900mV 100C Model Minimum Pulse Width 'MAIN_CLOCK'
Slack : 4.492
TNS   : 0.000

Type  : Slow 900mV 100C Model Minimum Pulse Width 'altera_reserved_tck'
Slack : 20.703
TNS   : 0.000

Type  : Slow 900mV 0C Model Setup 'MAIN_CLOCK'
Slack : 3.036
TNS   : 0.000

Type  : Slow 900mV 0C Model Setup 'altera_reserved_tck'
Slack : 6.800
TNS   : 0.000

Type  : Slow 900mV 0C Model Hold 'MAIN_CLOCK'
Slack : 0.039
TNS   : 0.000

Type  : Slow 900mV 0C Model Hold 'altera_reserved_tck'
Slack : 0.039
TNS   : 0.000

Type  : Slow 900mV 0C Model Recovery 'MAIN_CLOCK'
Slack : 4.881
TNS   : 0.000

Type  : Slow 900mV 0C Model Recovery 'altera_reserved_tck'
Slack : 39.008
TNS   : 0.000

Type  : Slow 900mV 0C Model Removal 'MAIN_CLOCK'
Slack : 0.381
TNS   : 0.000

Type  : Slow 900mV 0C Model Removal 'altera_reserved_tck'
Slack : 0.564
TNS   : 0.000

Type  : Slow 900mV 0C Model Minimum Pulse Width 'hps_memory_mem_dqs[2]_IN'
Slack : 0.142
TNS   : 0.000

Type  : Slow 900mV 0C Model Minimum Pulse Width 'hps_memory_mem_dqs[3]_IN'
Slack : 0.142
TNS   : 0.000

Type  : Slow 900mV 0C Model Minimum Pulse Width 'hps_memory_mem_dqs[0]_IN'
Slack : 0.143
TNS   : 0.000

Type  : Slow 900mV 0C Model Minimum Pulse Width 'hps_memory_mem_dqs[1]_IN'
Slack : 0.143
TNS   : 0.000

Type  : Slow 900mV 0C Model Minimum Pulse Width 'soc_inst|emif_a10_hps_0_wf_clk_0'
Slack : 0.432
TNS   : 0.000

Type  : Slow 900mV 0C Model Minimum Pulse Width 'soc_inst|emif_a10_hps_0_wf_clk_1'
Slack : 0.432
TNS   : 0.000

Type  : Slow 900mV 0C Model Minimum Pulse Width 'soc_inst|emif_a10_hps_0_wf_clk_2'
Slack : 0.432
TNS   : 0.000

Type  : Slow 900mV 0C Model Minimum Pulse Width 'soc_inst|emif_a10_hps_0_wf_clk_3'
Slack : 0.445
TNS   : 0.000

Type  : Slow 900mV 0C Model Minimum Pulse Width 'soc_inst|emif_a10_hps_0_wf_clk_4'
Slack : 0.445
TNS   : 0.000

Type  : Slow 900mV 0C Model Minimum Pulse Width 'soc_inst|emif_a10_hps_0_wf_clk_6'
Slack : 0.445
TNS   : 0.000

Type  : Slow 900mV 0C Model Minimum Pulse Width 'soc_inst|emif_a10_hps_0_wf_clk_5'
Slack : 0.446
TNS   : 0.000

Type  : Slow 900mV 0C Model Minimum Pulse Width 'soc_inst|emif_a10_hps_0_vco_clk_0'
Slack : 0.465
TNS   : 0.000

Type  : Slow 900mV 0C Model Minimum Pulse Width 'soc_inst|emif_a10_hps_0_vco_clk_1'
Slack : 0.465
TNS   : 0.000

Type  : Slow 900mV 0C Model Minimum Pulse Width 'soc_inst|emif_a10_hps_0_phy_clk_0'
Slack : 0.773
TNS   : 0.000

Type  : Slow 900mV 0C Model Minimum Pulse Width 'soc_inst|emif_a10_hps_0_phy_clk_1'
Slack : 0.773
TNS   : 0.000

Type  : Slow 900mV 0C Model Minimum Pulse Width 'soc_inst|emif_a10_hps_0_phy_clk_l_0'
Slack : 0.776
TNS   : 0.000

Type  : Slow 900mV 0C Model Minimum Pulse Width 'soc_inst|emif_a10_hps_0_phy_clk_l_1'
Slack : 0.776
TNS   : 0.000

Type  : Slow 900mV 0C Model Minimum Pulse Width 'soc_inst|emif_a10_hps_0_ref_clock'
Slack : 3.681
TNS   : 0.000

Type  : Slow 900mV 0C Model Minimum Pulse Width 'MAIN_CLOCK'
Slack : 4.426
TNS   : 0.000

Type  : Slow 900mV 0C Model Minimum Pulse Width 'altera_reserved_tck'
Slack : 20.636
TNS   : 0.000

Type  : Fast 900mV 100C Model Setup 'MAIN_CLOCK'
Slack : 3.993
TNS   : 0.000

Type  : Fast 900mV 100C Model Setup 'altera_reserved_tck'
Slack : 9.280
TNS   : 0.000

Type  : Fast 900mV 100C Model Hold 'MAIN_CLOCK'
Slack : 0.016
TNS   : 0.000

Type  : Fast 900mV 100C Model Hold 'altera_reserved_tck'
Slack : 0.019
TNS   : 0.000

Type  : Fast 900mV 100C Model Recovery 'MAIN_CLOCK'
Slack : 6.490
TNS   : 0.000

Type  : Fast 900mV 100C Model Recovery 'altera_reserved_tck'
Slack : 39.612
TNS   : 0.000

Type  : Fast 900mV 100C Model Removal 'MAIN_CLOCK'
Slack : 0.196
TNS   : 0.000

Type  : Fast 900mV 100C Model Removal 'altera_reserved_tck'
Slack : 0.420
TNS   : 0.000

Type  : Fast 900mV 100C Model Minimum Pulse Width 'hps_memory_mem_dqs[2]_IN'
Slack : 0.202
TNS   : 0.000

Type  : Fast 900mV 100C Model Minimum Pulse Width 'hps_memory_mem_dqs[3]_IN'
Slack : 0.202
TNS   : 0.000

Type  : Fast 900mV 100C Model Minimum Pulse Width 'hps_memory_mem_dqs[0]_IN'
Slack : 0.203
TNS   : 0.000

Type  : Fast 900mV 100C Model Minimum Pulse Width 'hps_memory_mem_dqs[1]_IN'
Slack : 0.203
TNS   : 0.000

Type  : Fast 900mV 100C Model Minimum Pulse Width 'soc_inst|emif_a10_hps_0_wf_clk_3'
Slack : 0.429
TNS   : 0.000

Type  : Fast 900mV 100C Model Minimum Pulse Width 'soc_inst|emif_a10_hps_0_wf_clk_4'
Slack : 0.429
TNS   : 0.000

Type  : Fast 900mV 100C Model Minimum Pulse Width 'soc_inst|emif_a10_hps_0_wf_clk_5'
Slack : 0.429
TNS   : 0.000

Type  : Fast 900mV 100C Model Minimum Pulse Width 'soc_inst|emif_a10_hps_0_wf_clk_6'
Slack : 0.429
TNS   : 0.000

Type  : Fast 900mV 100C Model Minimum Pulse Width 'soc_inst|emif_a10_hps_0_wf_clk_0'
Slack : 0.454
TNS   : 0.000

Type  : Fast 900mV 100C Model Minimum Pulse Width 'soc_inst|emif_a10_hps_0_wf_clk_1'
Slack : 0.457
TNS   : 0.000

Type  : Fast 900mV 100C Model Minimum Pulse Width 'soc_inst|emif_a10_hps_0_wf_clk_2'
Slack : 0.457
TNS   : 0.000

Type  : Fast 900mV 100C Model Minimum Pulse Width 'soc_inst|emif_a10_hps_0_vco_clk_0'
Slack : 0.466
TNS   : 0.000

Type  : Fast 900mV 100C Model Minimum Pulse Width 'soc_inst|emif_a10_hps_0_vco_clk_1'
Slack : 0.466
TNS   : 0.000

Type  : Fast 900mV 100C Model Minimum Pulse Width 'soc_inst|emif_a10_hps_0_phy_clk_0'
Slack : 0.885
TNS   : 0.000

Type  : Fast 900mV 100C Model Minimum Pulse Width 'soc_inst|emif_a10_hps_0_phy_clk_1'
Slack : 0.885
TNS   : 0.000

Type  : Fast 900mV 100C Model Minimum Pulse Width 'soc_inst|emif_a10_hps_0_phy_clk_l_0'
Slack : 0.886
TNS   : 0.000

Type  : Fast 900mV 100C Model Minimum Pulse Width 'soc_inst|emif_a10_hps_0_phy_clk_l_1'
Slack : 0.886
TNS   : 0.000

Type  : Fast 900mV 100C Model Minimum Pulse Width 'soc_inst|emif_a10_hps_0_ref_clock'
Slack : 3.704
TNS   : 0.000

Type  : Fast 900mV 100C Model Minimum Pulse Width 'MAIN_CLOCK'
Slack : 4.616
TNS   : 0.000

Type  : Fast 900mV 100C Model Minimum Pulse Width 'altera_reserved_tck'
Slack : 20.644
TNS   : 0.000

Type  : Fast 900mV 0C Model Setup 'MAIN_CLOCK'
Slack : 5.152
TNS   : 0.000

Type  : Fast 900mV 0C Model Setup 'altera_reserved_tck'
Slack : 9.592
TNS   : 0.000

Type  : Fast 900mV 0C Model Hold 'MAIN_CLOCK'
Slack : 0.013
TNS   : 0.000

Type  : Fast 900mV 0C Model Hold 'altera_reserved_tck'
Slack : 0.018
TNS   : 0.000

Type  : Fast 900mV 0C Model Recovery 'MAIN_CLOCK'
Slack : 7.024
TNS   : 0.000

Type  : Fast 900mV 0C Model Recovery 'altera_reserved_tck'
Slack : 39.939
TNS   : 0.000

Type  : Fast 900mV 0C Model Removal 'MAIN_CLOCK'
Slack : 0.168
TNS   : 0.000

Type  : Fast 900mV 0C Model Removal 'altera_reserved_tck'
Slack : 0.331
TNS   : 0.000

Type  : Fast 900mV 0C Model Minimum Pulse Width 'hps_memory_mem_dqs[1]_IN'
Slack : 0.204
TNS   : 0.000

Type  : Fast 900mV 0C Model Minimum Pulse Width 'hps_memory_mem_dqs[0]_IN'
Slack : 0.205
TNS   : 0.000

Type  : Fast 900mV 0C Model Minimum Pulse Width 'hps_memory_mem_dqs[2]_IN'
Slack : 0.205
TNS   : 0.000

Type  : Fast 900mV 0C Model Minimum Pulse Width 'hps_memory_mem_dqs[3]_IN'
Slack : 0.205
TNS   : 0.000

Type  : Fast 900mV 0C Model Minimum Pulse Width 'soc_inst|emif_a10_hps_0_wf_clk_3'
Slack : 0.446
TNS   : 0.000

Type  : Fast 900mV 0C Model Minimum Pulse Width 'soc_inst|emif_a10_hps_0_wf_clk_4'
Slack : 0.446
TNS   : 0.000

Type  : Fast 900mV 0C Model Minimum Pulse Width 'soc_inst|emif_a10_hps_0_wf_clk_5'
Slack : 0.446
TNS   : 0.000

Type  : Fast 900mV 0C Model Minimum Pulse Width 'soc_inst|emif_a10_hps_0_wf_clk_6'
Slack : 0.446
TNS   : 0.000

Type  : Fast 900mV 0C Model Minimum Pulse Width 'soc_inst|emif_a10_hps_0_wf_clk_0'
Slack : 0.461
TNS   : 0.000

Type  : Fast 900mV 0C Model Minimum Pulse Width 'soc_inst|emif_a10_hps_0_wf_clk_1'
Slack : 0.463
TNS   : 0.000

Type  : Fast 900mV 0C Model Minimum Pulse Width 'soc_inst|emif_a10_hps_0_wf_clk_2'
Slack : 0.463
TNS   : 0.000

Type  : Fast 900mV 0C Model Minimum Pulse Width 'soc_inst|emif_a10_hps_0_vco_clk_0'
Slack : 0.466
TNS   : 0.000

Type  : Fast 900mV 0C Model Minimum Pulse Width 'soc_inst|emif_a10_hps_0_vco_clk_1'
Slack : 0.466
TNS   : 0.000

Type  : Fast 900mV 0C Model Minimum Pulse Width 'soc_inst|emif_a10_hps_0_phy_clk_0'
Slack : 0.889
TNS   : 0.000

Type  : Fast 900mV 0C Model Minimum Pulse Width 'soc_inst|emif_a10_hps_0_phy_clk_1'
Slack : 0.889
TNS   : 0.000

Type  : Fast 900mV 0C Model Minimum Pulse Width 'soc_inst|emif_a10_hps_0_phy_clk_l_0'
Slack : 0.889
TNS   : 0.000

Type  : Fast 900mV 0C Model Minimum Pulse Width 'soc_inst|emif_a10_hps_0_phy_clk_l_1'
Slack : 0.889
TNS   : 0.000

Type  : Fast 900mV 0C Model Minimum Pulse Width 'soc_inst|emif_a10_hps_0_ref_clock'
Slack : 3.712
TNS   : 0.000

Type  : Fast 900mV 0C Model Minimum Pulse Width 'MAIN_CLOCK'
Slack : 4.652
TNS   : 0.000

Type  : Fast 900mV 0C Model Minimum Pulse Width 'altera_reserved_tck'
Slack : 20.661
TNS   : 0.000

------------------------------------------------------------
Info: see the "DDR report" for DDR timing results
------------------------------------------------------------
------------------------------------------------------------
