------------------------------------------------------------
TimeQuest Timing Analyzer Summary
------------------------------------------------------------

Type  : Slow 900mV 100C Model Setup 'MAIN_CLOCK'
Slack : 2.454
TNS   : 0.000

Type  : Slow 900mV 100C Model Setup 'altera_reserved_tck'
Slack : 6.884
TNS   : 0.000

Type  : Slow 900mV 100C Model Hold 'altera_reserved_tck'
Slack : 0.046
TNS   : 0.000

Type  : Slow 900mV 100C Model Hold 'MAIN_CLOCK'
Slack : 0.049
TNS   : 0.000

Type  : Slow 900mV 100C Model Recovery 'MAIN_CLOCK'
Slack : 4.923
TNS   : 0.000

Type  : Slow 900mV 100C Model Recovery 'altera_reserved_tck'
Slack : 37.113
TNS   : 0.000

Type  : Slow 900mV 100C Model Removal 'MAIN_CLOCK'
Slack : 0.329
TNS   : 0.000

Type  : Slow 900mV 100C Model Removal 'altera_reserved_tck'
Slack : 0.811
TNS   : 0.000

Type  : Slow 900mV 100C Model Minimum Pulse Width 'hps_memory_mem_dqs[0]_IN'
Slack : 0.181
TNS   : 0.000

Type  : Slow 900mV 100C Model Minimum Pulse Width 'hps_memory_mem_dqs[1]_IN'
Slack : 0.181
TNS   : 0.000

Type  : Slow 900mV 100C Model Minimum Pulse Width 'hps_memory_mem_dqs[2]_IN'
Slack : 0.182
TNS   : 0.000

Type  : Slow 900mV 100C Model Minimum Pulse Width 'hps_memory_mem_dqs[3]_IN'
Slack : 0.182
TNS   : 0.000

Type  : Slow 900mV 100C Model Minimum Pulse Width 'soc_inst|emif_a10_hps_0_wf_clk_0'
Slack : 0.456
TNS   : 0.000

Type  : Slow 900mV 100C Model Minimum Pulse Width 'soc_inst|emif_a10_hps_0_wf_clk_2'
Slack : 0.461
TNS   : 0.000

Type  : Slow 900mV 100C Model Minimum Pulse Width 'soc_inst|emif_a10_hps_0_wf_clk_1'
Slack : 0.462
TNS   : 0.000

Type  : Slow 900mV 100C Model Minimum Pulse Width 'soc_inst|emif_a10_hps_0_wf_clk_5'
Slack : 0.463
TNS   : 0.000

Type  : Slow 900mV 100C Model Minimum Pulse Width 'soc_inst|emif_a10_hps_0_vco_clk_0'
Slack : 0.464
TNS   : 0.000

Type  : Slow 900mV 100C Model Minimum Pulse Width 'soc_inst|emif_a10_hps_0_vco_clk_1'
Slack : 0.464
TNS   : 0.000

Type  : Slow 900mV 100C Model Minimum Pulse Width 'soc_inst|emif_a10_hps_0_wf_clk_3'
Slack : 0.464
TNS   : 0.000

Type  : Slow 900mV 100C Model Minimum Pulse Width 'soc_inst|emif_a10_hps_0_wf_clk_4'
Slack : 0.464
TNS   : 0.000

Type  : Slow 900mV 100C Model Minimum Pulse Width 'soc_inst|emif_a10_hps_0_wf_clk_6'
Slack : 0.464
TNS   : 0.000

Type  : Slow 900mV 100C Model Minimum Pulse Width 'soc_inst|emif_a10_hps_0_phy_clk_0'
Slack : 0.795
TNS   : 0.000

Type  : Slow 900mV 100C Model Minimum Pulse Width 'soc_inst|emif_a10_hps_0_phy_clk_1'
Slack : 0.795
TNS   : 0.000

Type  : Slow 900mV 100C Model Minimum Pulse Width 'soc_inst|emif_a10_hps_0_phy_clk_l_0'
Slack : 0.798
TNS   : 0.000

Type  : Slow 900mV 100C Model Minimum Pulse Width 'soc_inst|emif_a10_hps_0_phy_clk_l_1'
Slack : 0.798
TNS   : 0.000

Type  : Slow 900mV 100C Model Minimum Pulse Width 'soc_inst|emif_a10_hps_0_ref_clock'
Slack : 3.677
TNS   : 0.000

Type  : Slow 900mV 100C Model Minimum Pulse Width 'MAIN_CLOCK'
Slack : 4.497
TNS   : 0.000

Type  : Slow 900mV 100C Model Minimum Pulse Width 'altera_reserved_tck'
Slack : 20.703
TNS   : 0.000

Type  : Slow 900mV 0C Model Setup 'MAIN_CLOCK'
Slack : 3.159
TNS   : 0.000

Type  : Slow 900mV 0C Model Setup 'altera_reserved_tck'
Slack : 6.792
TNS   : 0.000

Type  : Slow 900mV 0C Model Hold 'altera_reserved_tck'
Slack : 0.038
TNS   : 0.000

Type  : Slow 900mV 0C Model Hold 'MAIN_CLOCK'
Slack : 0.042
TNS   : 0.000

Type  : Slow 900mV 0C Model Recovery 'MAIN_CLOCK'
Slack : 4.855
TNS   : 0.000

Type  : Slow 900mV 0C Model Recovery 'altera_reserved_tck'
Slack : 37.641
TNS   : 0.000

Type  : Slow 900mV 0C Model Removal 'MAIN_CLOCK'
Slack : 0.314
TNS   : 0.000

Type  : Slow 900mV 0C Model Removal 'altera_reserved_tck'
Slack : 0.766
TNS   : 0.000

Type  : Slow 900mV 0C Model Minimum Pulse Width 'hps_memory_mem_dqs[2]_IN'
Slack : 0.142
TNS   : 0.000

Type  : Slow 900mV 0C Model Minimum Pulse Width 'hps_memory_mem_dqs[3]_IN'
Slack : 0.142
TNS   : 0.000

Type  : Slow 900mV 0C Model Minimum Pulse Width 'hps_memory_mem_dqs[0]_IN'
Slack : 0.143
TNS   : 0.000

Type  : Slow 900mV 0C Model Minimum Pulse Width 'hps_memory_mem_dqs[1]_IN'
Slack : 0.143
TNS   : 0.000

Type  : Slow 900mV 0C Model Minimum Pulse Width 'soc_inst|emif_a10_hps_0_wf_clk_0'
Slack : 0.432
TNS   : 0.000

Type  : Slow 900mV 0C Model Minimum Pulse Width 'soc_inst|emif_a10_hps_0_wf_clk_1'
Slack : 0.432
TNS   : 0.000

Type  : Slow 900mV 0C Model Minimum Pulse Width 'soc_inst|emif_a10_hps_0_wf_clk_2'
Slack : 0.432
TNS   : 0.000

Type  : Slow 900mV 0C Model Minimum Pulse Width 'soc_inst|emif_a10_hps_0_wf_clk_3'
Slack : 0.445
TNS   : 0.000

Type  : Slow 900mV 0C Model Minimum Pulse Width 'soc_inst|emif_a10_hps_0_wf_clk_4'
Slack : 0.445
TNS   : 0.000

Type  : Slow 900mV 0C Model Minimum Pulse Width 'soc_inst|emif_a10_hps_0_wf_clk_6'
Slack : 0.445
TNS   : 0.000

Type  : Slow 900mV 0C Model Minimum Pulse Width 'soc_inst|emif_a10_hps_0_wf_clk_5'
Slack : 0.446
TNS   : 0.000

Type  : Slow 900mV 0C Model Minimum Pulse Width 'soc_inst|emif_a10_hps_0_vco_clk_0'
Slack : 0.465
TNS   : 0.000

Type  : Slow 900mV 0C Model Minimum Pulse Width 'soc_inst|emif_a10_hps_0_vco_clk_1'
Slack : 0.465
TNS   : 0.000

Type  : Slow 900mV 0C Model Minimum Pulse Width 'soc_inst|emif_a10_hps_0_phy_clk_0'
Slack : 0.773
TNS   : 0.000

Type  : Slow 900mV 0C Model Minimum Pulse Width 'soc_inst|emif_a10_hps_0_phy_clk_1'
Slack : 0.773
TNS   : 0.000

Type  : Slow 900mV 0C Model Minimum Pulse Width 'soc_inst|emif_a10_hps_0_phy_clk_l_0'
Slack : 0.776
TNS   : 0.000

Type  : Slow 900mV 0C Model Minimum Pulse Width 'soc_inst|emif_a10_hps_0_phy_clk_l_1'
Slack : 0.776
TNS   : 0.000

Type  : Slow 900mV 0C Model Minimum Pulse Width 'soc_inst|emif_a10_hps_0_ref_clock'
Slack : 3.681
TNS   : 0.000

Type  : Slow 900mV 0C Model Minimum Pulse Width 'MAIN_CLOCK'
Slack : 4.423
TNS   : 0.000

Type  : Slow 900mV 0C Model Minimum Pulse Width 'altera_reserved_tck'
Slack : 20.636
TNS   : 0.000

Type  : Fast 900mV 100C Model Setup 'MAIN_CLOCK'
Slack : 3.860
TNS   : 0.000

Type  : Fast 900mV 100C Model Setup 'altera_reserved_tck'
Slack : 9.278
TNS   : 0.000

Type  : Fast 900mV 100C Model Hold 'altera_reserved_tck'
Slack : 0.014
TNS   : 0.000

Type  : Fast 900mV 100C Model Hold 'MAIN_CLOCK'
Slack : 0.017
TNS   : 0.000

Type  : Fast 900mV 100C Model Recovery 'MAIN_CLOCK'
Slack : 6.498
TNS   : 0.000

Type  : Fast 900mV 100C Model Recovery 'altera_reserved_tck'
Slack : 38.434
TNS   : 0.000

Type  : Fast 900mV 100C Model Removal 'MAIN_CLOCK'
Slack : 0.180
TNS   : 0.000

Type  : Fast 900mV 100C Model Removal 'altera_reserved_tck'
Slack : 0.525
TNS   : 0.000

Type  : Fast 900mV 100C Model Minimum Pulse Width 'hps_memory_mem_dqs[2]_IN'
Slack : 0.202
TNS   : 0.000

Type  : Fast 900mV 100C Model Minimum Pulse Width 'hps_memory_mem_dqs[3]_IN'
Slack : 0.202
TNS   : 0.000

Type  : Fast 900mV 100C Model Minimum Pulse Width 'hps_memory_mem_dqs[0]_IN'
Slack : 0.203
TNS   : 0.000

Type  : Fast 900mV 100C Model Minimum Pulse Width 'hps_memory_mem_dqs[1]_IN'
Slack : 0.203
TNS   : 0.000

Type  : Fast 900mV 100C Model Minimum Pulse Width 'soc_inst|emif_a10_hps_0_wf_clk_3'
Slack : 0.429
TNS   : 0.000

Type  : Fast 900mV 100C Model Minimum Pulse Width 'soc_inst|emif_a10_hps_0_wf_clk_4'
Slack : 0.429
TNS   : 0.000

Type  : Fast 900mV 100C Model Minimum Pulse Width 'soc_inst|emif_a10_hps_0_wf_clk_5'
Slack : 0.429
TNS   : 0.000

Type  : Fast 900mV 100C Model Minimum Pulse Width 'soc_inst|emif_a10_hps_0_wf_clk_6'
Slack : 0.429
TNS   : 0.000

Type  : Fast 900mV 100C Model Minimum Pulse Width 'soc_inst|emif_a10_hps_0_wf_clk_0'
Slack : 0.454
TNS   : 0.000

Type  : Fast 900mV 100C Model Minimum Pulse Width 'soc_inst|emif_a10_hps_0_wf_clk_1'
Slack : 0.457
TNS   : 0.000

Type  : Fast 900mV 100C Model Minimum Pulse Width 'soc_inst|emif_a10_hps_0_wf_clk_2'
Slack : 0.457
TNS   : 0.000

Type  : Fast 900mV 100C Model Minimum Pulse Width 'soc_inst|emif_a10_hps_0_vco_clk_0'
Slack : 0.466
TNS   : 0.000

Type  : Fast 900mV 100C Model Minimum Pulse Width 'soc_inst|emif_a10_hps_0_vco_clk_1'
Slack : 0.466
TNS   : 0.000

Type  : Fast 900mV 100C Model Minimum Pulse Width 'soc_inst|emif_a10_hps_0_phy_clk_0'
Slack : 0.885
TNS   : 0.000

Type  : Fast 900mV 100C Model Minimum Pulse Width 'soc_inst|emif_a10_hps_0_phy_clk_1'
Slack : 0.885
TNS   : 0.000

Type  : Fast 900mV 100C Model Minimum Pulse Width 'soc_inst|emif_a10_hps_0_phy_clk_l_0'
Slack : 0.886
TNS   : 0.000

Type  : Fast 900mV 100C Model Minimum Pulse Width 'soc_inst|emif_a10_hps_0_phy_clk_l_1'
Slack : 0.886
TNS   : 0.000

Type  : Fast 900mV 100C Model Minimum Pulse Width 'soc_inst|emif_a10_hps_0_ref_clock'
Slack : 3.704
TNS   : 0.000

Type  : Fast 900mV 100C Model Minimum Pulse Width 'MAIN_CLOCK'
Slack : 4.621
TNS   : 0.000

Type  : Fast 900mV 100C Model Minimum Pulse Width 'altera_reserved_tck'
Slack : 20.634
TNS   : 0.000

Type  : Fast 900mV 0C Model Setup 'MAIN_CLOCK'
Slack : 4.954
TNS   : 0.000

Type  : Fast 900mV 0C Model Setup 'altera_reserved_tck'
Slack : 9.590
TNS   : 0.000

Type  : Fast 900mV 0C Model Hold 'MAIN_CLOCK'
Slack : 0.013
TNS   : 0.000

Type  : Fast 900mV 0C Model Hold 'altera_reserved_tck'
Slack : 0.013
TNS   : 0.000

Type  : Fast 900mV 0C Model Recovery 'MAIN_CLOCK'
Slack : 6.968
TNS   : 0.000

Type  : Fast 900mV 0C Model Recovery 'altera_reserved_tck'
Slack : 39.148
TNS   : 0.000

Type  : Fast 900mV 0C Model Removal 'MAIN_CLOCK'
Slack : 0.150
TNS   : 0.000

Type  : Fast 900mV 0C Model Removal 'altera_reserved_tck'
Slack : 0.446
TNS   : 0.000

Type  : Fast 900mV 0C Model Minimum Pulse Width 'hps_memory_mem_dqs[1]_IN'
Slack : 0.204
TNS   : 0.000

Type  : Fast 900mV 0C Model Minimum Pulse Width 'hps_memory_mem_dqs[0]_IN'
Slack : 0.205
TNS   : 0.000

Type  : Fast 900mV 0C Model Minimum Pulse Width 'hps_memory_mem_dqs[2]_IN'
Slack : 0.205
TNS   : 0.000

Type  : Fast 900mV 0C Model Minimum Pulse Width 'hps_memory_mem_dqs[3]_IN'
Slack : 0.205
TNS   : 0.000

Type  : Fast 900mV 0C Model Minimum Pulse Width 'soc_inst|emif_a10_hps_0_wf_clk_3'
Slack : 0.446
TNS   : 0.000

Type  : Fast 900mV 0C Model Minimum Pulse Width 'soc_inst|emif_a10_hps_0_wf_clk_4'
Slack : 0.446
TNS   : 0.000

Type  : Fast 900mV 0C Model Minimum Pulse Width 'soc_inst|emif_a10_hps_0_wf_clk_5'
Slack : 0.446
TNS   : 0.000

Type  : Fast 900mV 0C Model Minimum Pulse Width 'soc_inst|emif_a10_hps_0_wf_clk_6'
Slack : 0.446
TNS   : 0.000

Type  : Fast 900mV 0C Model Minimum Pulse Width 'soc_inst|emif_a10_hps_0_wf_clk_0'
Slack : 0.461
TNS   : 0.000

Type  : Fast 900mV 0C Model Minimum Pulse Width 'soc_inst|emif_a10_hps_0_wf_clk_1'
Slack : 0.463
TNS   : 0.000

Type  : Fast 900mV 0C Model Minimum Pulse Width 'soc_inst|emif_a10_hps_0_wf_clk_2'
Slack : 0.463
TNS   : 0.000

Type  : Fast 900mV 0C Model Minimum Pulse Width 'soc_inst|emif_a10_hps_0_vco_clk_0'
Slack : 0.466
TNS   : 0.000

Type  : Fast 900mV 0C Model Minimum Pulse Width 'soc_inst|emif_a10_hps_0_vco_clk_1'
Slack : 0.466
TNS   : 0.000

Type  : Fast 900mV 0C Model Minimum Pulse Width 'soc_inst|emif_a10_hps_0_phy_clk_0'
Slack : 0.889
TNS   : 0.000

Type  : Fast 900mV 0C Model Minimum Pulse Width 'soc_inst|emif_a10_hps_0_phy_clk_1'
Slack : 0.889
TNS   : 0.000

Type  : Fast 900mV 0C Model Minimum Pulse Width 'soc_inst|emif_a10_hps_0_phy_clk_l_0'
Slack : 0.889
TNS   : 0.000

Type  : Fast 900mV 0C Model Minimum Pulse Width 'soc_inst|emif_a10_hps_0_phy_clk_l_1'
Slack : 0.889
TNS   : 0.000

Type  : Fast 900mV 0C Model Minimum Pulse Width 'soc_inst|emif_a10_hps_0_ref_clock'
Slack : 3.712
TNS   : 0.000

Type  : Fast 900mV 0C Model Minimum Pulse Width 'MAIN_CLOCK'
Slack : 4.657
TNS   : 0.000

Type  : Fast 900mV 0C Model Minimum Pulse Width 'altera_reserved_tck'
Slack : 20.657
TNS   : 0.000

------------------------------------------------------------
Info: see the "DDR report" for DDR timing results
------------------------------------------------------------
------------------------------------------------------------
