------------------------------------------------------------
TimeQuest Timing Analyzer Summary
------------------------------------------------------------

Type  : Slow 900mV 100C Model Setup 'clock_clk'
Slack : -1.320
TNS   : -674.206

Type  : Slow 900mV 100C Model Hold 'clock_clk'
Slack : 0.053
TNS   : 0.000

Type  : Slow 900mV 100C Model Minimum Pulse Width 'clock_clk'
Slack : -0.600
TNS   : -158.950

Type  : Slow 900mV 0C Model Setup 'clock_clk'
Slack : -1.395
TNS   : -602.561

Type  : Slow 900mV 0C Model Hold 'clock_clk'
Slack : 0.051
TNS   : 0.000

Type  : Slow 900mV 0C Model Minimum Pulse Width 'clock_clk'
Slack : -0.600
TNS   : -170.472

Type  : Fast 900mV 100C Model Setup 'clock_clk'
Slack : -0.556
TNS   : -170.448

Type  : Fast 900mV 100C Model Hold 'clock_clk'
Slack : 0.020
TNS   : 0.000

Type  : Fast 900mV 100C Model Minimum Pulse Width 'clock_clk'
Slack : -0.550
TNS   : -98.230

Type  : Fast 900mV 0C Model Setup 'clock_clk'
Slack : -0.305
TNS   : -51.305

Type  : Fast 900mV 0C Model Hold 'clock_clk'
Slack : 0.018
TNS   : 0.000

Type  : Fast 900mV 0C Model Minimum Pulse Width 'clock_clk'
Slack : -0.550
TNS   : -98.230

------------------------------------------------------------
