------------------------------------------------------------
TimeQuest Timing Analyzer Summary
------------------------------------------------------------

Type  : Slow 900mV 100C Model Setup 'clock_clk'
Slack : -1.446
TNS   : -747.830

Type  : Slow 900mV 100C Model Hold 'clock_clk'
Slack : 0.053
TNS   : 0.000

Type  : Slow 900mV 100C Model Minimum Pulse Width 'clock_clk'
Slack : -0.600
TNS   : -160.150

Type  : Slow 900mV 0C Model Setup 'clock_clk'
Slack : -1.379
TNS   : -678.879

Type  : Slow 900mV 0C Model Hold 'clock_clk'
Slack : 0.048
TNS   : 0.000

Type  : Slow 900mV 0C Model Minimum Pulse Width 'clock_clk'
Slack : -0.600
TNS   : -172.386

Type  : Fast 900mV 100C Model Setup 'clock_clk'
Slack : -0.588
TNS   : -154.874

Type  : Fast 900mV 100C Model Hold 'clock_clk'
Slack : 0.022
TNS   : 0.000

Type  : Fast 900mV 100C Model Minimum Pulse Width 'clock_clk'
Slack : -0.550
TNS   : -98.970

Type  : Fast 900mV 0C Model Setup 'clock_clk'
Slack : -0.350
TNS   : -37.073

Type  : Fast 900mV 0C Model Hold 'clock_clk'
Slack : 0.018
TNS   : 0.000

Type  : Fast 900mV 0C Model Minimum Pulse Width 'clock_clk'
Slack : -0.550
TNS   : -98.970

------------------------------------------------------------
